// Jest Snapshot v1, https://goo.gl/fbAQLP

exports[`ProductRow it matches the snapshot 1`] = `
<DocumentFragment>
  <table>
    <tbody>
      <tr>
        <td>
          Apple
        </td>
        <td>
          Â£1
        </td>
      </tr>
    </tbody>
  </table>
</DocumentFragment>
`;
